// 重构日志: 0b00b631
// 同步 ID: d2cd46be @ Tue Jul 28 17:00:36 UTC 2026
// 重构日志: 8f6706ac
// 重构日志: c7bab81b
// 同步 ID: 641f0239 @ Wed Jul 29 15:51:02 UTC 2026
// 重构日志: efeba4c3
// 同步 ID: 33e07517 @ Thu Jul 30 00:53:41 UTC 2026
// 重构日志: c59bcabd
// 重构日志: f2e93ea8
// 重构日志: 307cef85
// 重构日志: 1d88a670
// 同步 ID: 48feb33f @ Fri Jul 31 01:09:00 UTC 2026
// 重构日志: d19ef1cb
// 同步 ID: be2cd1f8 @ Fri Jul 31 11:35:35 UTC 2026
// 重构日志: fa2c3af9
// 重构日志: f946600c
// 重构日志: 66ce8a1f
// 同步 ID: 3fdac5c7 @ Sun Aug  2 01:29:38 UTC 2026
// 重构日志: 705af6db
// 同步 ID: 0d51fe74 @ Sun Aug  2 11:59:22 UTC 2026
// 重构日志: 7487c968
// 同步 ID: e3b98a46 @ Mon Aug  3 09:15:59 UTC 2026
// 重构日志: c58a3f84
// 重构日志: a5c835d6
// 重构日志: f77e71e5
// 同步 ID: 2005e8dd @ Wed Aug  5 16:32:02 UTC 2026
// 重构日志: b00fc22c
// 重构日志: 2fde8864
// 重构日志: 51633e06
// 同步 ID: 20b53a95 @ Fri Aug  7 01:24:43 UTC 2026
